[2026-09-15 17:49:54] === Pipeline started ===
[2026-09-15 17:49:54] Waiting 20 minutes for Yahoo's rate limit to cool down...
[2026-09-15 18:09:54] --- Debug check attempt 1 ---
[2026-09-15 18:09:56] Debug check status code: 200
[2026-09-15 18:09:56] Debug check found 7 results (sample: ['https://www.toureiffel.paris/en', 'https://en.wikipedia.org/wiki/Eiffel_Tower'])
[2026-09-15 18:09:56] Debug check PASSED.
[2026-09-15 18:09:56] --- Running --test check (3 queries) ---
[2026-09-15 18:09:57] Test query 'Some important facts on the respiratory system' -> 7 results
[2026-09-15 18:10:03] Test query 'You want to text dirty with your boyfriend what should you say' -> 7 results
[2026-09-15 18:10:09] Test query 'Can you give me example of anecdotes by the filipino writers' -> 7 results
[2026-09-15 18:10:14] Test check PASSED.
[2026-09-15 18:10:14] --- Starting full 100-query scrape (this normally takes 1-1.5 hours, longer if any queries need backoff retries) ---
Number of queries: 100
========================================
Query 1/100: Some important facts on the respiratory system
Results collected: 7
========================================
Query 2/100: You want to text dirty with your boyfriend what should you say
Results collected: 7
========================================
Query 3/100: Can you give me example of anecdotes by the filipino writers
Results collected: 7
========================================
Query 4/100: How do you figure sq ft for a house
Results collected: 7
========================================
Query 5/100: What city is the iffel tower
Results collected: 7
========================================
Query 6/100: Hw big are sperm whales up to dinosaurs
Results collected: 7
========================================
Query 7/100: What is not part of a biology
Results collected: 7
========================================
Query 8/100: What is the radio code for a 2005 renault clio sport 182 cup
Results collected: 7
========================================
Query 9/100: How many troops are in a modern marine battalion
Results collected: 7
========================================
Query 10/100: More defines for respect
Results collected: 7
========================================
Query 11/100: Why your deserts so hot
Results collected: 7
========================================
Query 12/100: Are the decomposer that live in the ocean
  -> 0 results, backing off 180s before retry...
Results collected: 7
========================================
Query 13/100: Site where vladimir lenin is kept
Results collected: 7
========================================
Query 14/100: Codes to get weapons in poptropica
Results collected: 7
========================================
Query 15/100: How many grammys does alicia keys have now
Results collected: 7
========================================
Query 16/100: What level does pineco evovle at
Results collected: 7
========================================
Query 17/100: How many toes does an ostrich have
  -> 0 results, backing off 180s before retry...
Results collected: 7
========================================
Query 18/100: How does an iphone compare to a blackberry
  -> 0 results, backing off 180s before retry...
  -> 0 results, backing off 360s before retry...
Results collected: 7
========================================
Query 19/100: How did darius reorganize and improve the persian government
  -> 0 results, backing off 180s before retry...
  -> 0 results, backing off 360s before retry...
Results collected: 0
  -> WARNING: 0 results after retries. Selector may have changed again, or Yahoo may still be rate-limiting you.
========================================
Query 20/100: What are lyrics of the star spangled banner
  -> 0 results, backing off 180s before retry...
Results collected: 7
========================================
Query 21/100: What do the uniting church believe about the bible
Results collected: 7
========================================
Query 22/100: Number of babies a polar bear can have
Results collected: 7
========================================
Query 23/100: What is 4th Earl of Sandwich
Results collected: 7
========================================
Query 24/100: What do mediaval princesses wear
Results collected: 7
========================================
Query 25/100: What did Medea give Jason to prtect him self
Results collected: 7
========================================
Query 26/100: How many miles are in africa
Results collected: 7
========================================
Query 27/100: What did queen latifah influence
Results collected: 7
========================================
Query 28/100: What is a natuaral fathers rights
Results collected: 7
========================================
Query 29/100: What is excluded from OSHA
Results collected: 7
========================================
Query 30/100: How did your universe form
  -> 0 results, backing off 180s before retry...
  -> 0 results, backing off 360s before retry...
Results collected: 0
  -> WARNING: 0 results after retries. Selector may have changed again, or Yahoo may still be rate-limiting you.
========================================
Query 31/100: 5 pillars of faith are like
Results collected: 7
========================================
Query 32/100: What is ryan sheckler worth
Results collected: 7
========================================
Query 33/100: Where is the river murrays source
Results collected: 7
========================================
Query 34/100: Who is the leader of azerbaijan
Results collected: 7
========================================
Query 35/100: How many calories in one hot dog with bun
Results collected: 7
========================================
Query 36/100: Where hydroelectic energy id from
Results collected: 7
========================================
Query 37/100: How many voyages did christopher columbus make
Results collected: 7
========================================
Query 38/100: What is vanessa hudgens background
Results collected: 7
========================================
Query 39/100: What languages are spoken the united kingdom
  -> 0 results, backing off 180s before retry...
Results collected: 7
========================================
Query 40/100: How many movies did Julie Andrews play in
Results collected: 7
========================================
Query 41/100: Something in a bathroom with a J
Results collected: 7
========================================
Query 42/100: What can nuclear energy be converted to
Results collected: 7
========================================
Query 43/100: Is WWE freaking fake
  -> 0 results, backing off 180s before retry...
Results collected: 7
========================================
Query 44/100: How do you build a bridge out of popsical sticks
Results collected: 7
========================================
Query 45/100: The language of origin of the word karate
Results collected: 7
========================================
Query 46/100: The advantagous of being a doctor
Results collected: 7
========================================
Query 47/100: What are the typical daily temperature swings on mars
  -> 0 results, backing off 180s before retry...
Results collected: 7
========================================
Query 48/100: What is the most feared gang diablos or bloodz or crips
Results collected: 7
========================================
Query 49/100: What is amy dumas full name
Results collected: 7
========================================
Query 50/100: Where can you get a groudon in soul silver
Results collected: 7
========================================
Query 51/100: What are the properties of C45 Steel
  -> 0 results, backing off 180s before retry...
Results collected: 7
========================================
Query 52/100: Which president pardoned Ricard Nixon
Results collected: 7
========================================
Query 53/100: Boethius wrote or music of the university
Results collected: 7
========================================
Query 54/100: How many grams is in a cup of whole wheat pasta
Results collected: 7
========================================
Query 55/100: A list of the most famous baseball players
Results collected: 7
========================================
Query 56/100: The good side of corporal punishment
Results collected: 7
========================================
Query 57/100: What country do oats grow in
Results collected: 7
========================================
Query 58/100: How much does modified dirt track car cost
Results collected: 7
========================================
Query 59/100: What is the punishment for vandalsim in texas
Results collected: 7
========================================
Query 60/100: What city does shane dawson live
Results collected: 6
========================================
Query 61/100: What will happen if you overdose on aspirin
  -> 0 results, backing off 180s before retry...
  -> 0 results, backing off 360s before retry...
Results collected: 7
========================================
Query 62/100: How many calories in a cup if fresh strawberries
  -> 0 results, backing off 180s before retry...
  -> 0 results, backing off 360s before retry...
Results collected: 0
  -> WARNING: 0 results after retries. Selector may have changed again, or Yahoo may still be rate-limiting you.
========================================
Query 63/100: Which sport is eminem 's favorite
  -> 0 results, backing off 180s before retry...
Results collected: 7
========================================
Query 64/100: What is the principle component of air
Results collected: 7
========================================
Query 65/100: What is th relative location of Germany
Results collected: 7
========================================
Query 66/100: How do you feel a boob without henr noticing
Results collected: 7
========================================
Query 67/100: What city dose demi lovato live in
Results collected: 7
========================================
Query 68/100: What is hte climate in denmark
Results collected: 7
========================================
Query 69/100: What is strong emotion
Results collected: 7
========================================
Query 70/100: How does basketball related to science
Results collected: 7
========================================
Query 71/100: What was the colossus of rhodes a statue of
Results collected: 7
========================================
Query 72/100: What are the effects of a plant of mineral deficiency
Results collected: 7
========================================
Query 73/100: The scientific name of the windpipe
Results collected: 7
========================================
Query 74/100: Where does the lena river go into
  -> 0 results, backing off 180s before retry...
Results collected: 7
========================================
Query 75/100: What is the tax called on export
Results collected: 7
========================================
Query 76/100: What are the two photosynthesis
Results collected: 7
========================================
Query 77/100: Que paso con diego rivera revolucion mexicana
  -> 0 results, backing off 180s before retry...
Results collected: 7
========================================
Query 78/100: 8 ounces is how many millilitres
Results collected: 7
========================================
Query 79/100: Where is the Dell inc HQ location
Results collected: 7
========================================
Query 80/100: What is th function for nucleus
Results collected: 7
========================================
Query 81/100: Best site to download aimbot for cod4
Results collected: 7
========================================
Query 82/100: What causes the soil to be red
Results collected: 7
========================================
Query 83/100: Where is vinson massif located in the antartica
Results collected: 7
========================================
Query 84/100: America and Italy dont have in common
Results collected: 7
========================================
Query 85/100: How many decimals are in a centimeter
Results collected: 7
========================================
Query 86/100: When is lil wayne real name
Results collected: 7
========================================
Query 87/100: What deraction is irleand
Results collected: 7
========================================
Query 88/100: In what year did clovis convert to Christianity
Results collected: 7
========================================
Query 89/100: Where was the pharos located
Results collected: 7
========================================
Query 90/100: Ingrediance in 7up
Results collected: 7
========================================
Query 91/100: What are the differences between butterflies and birds
Results collected: 7
========================================
Query 92/100: What party is dalton mcguinty part of
Results collected: 7
========================================
Query 93/100: Best carb for a 305
Results collected: 7
========================================
Query 94/100: What causes an ulcer
Results collected: 7
========================================
Query 95/100: Anecdote about twix
Results collected: 7
========================================
Query 96/100: What is the significance of fecalysis
  -> 0 results, backing off 180s before retry...
  -> 0 results, backing off 360s before retry...
Results collected: 0
  -> WARNING: 0 results after retries. Selector may have changed again, or Yahoo may still be rate-limiting you.
========================================
Query 97/100: What are the two symbol of elivation on a map
Results collected: 7
========================================
Query 98/100: Why was hera 's symbol a pomegraete
Results collected: 7
========================================
Query 99/100: What important event happened in 1867
  -> 0 results, backing off 180s before retry...
Results collected: 7
========================================
Query 100/100: Who did victoria marry and wen
Results collected: 7
========================================
Task 1 completed. Generated: ./hw1.json
[2026-09-15 22:43:28] Full scrape completed.
[2026-09-15 22:43:28] ./hw1.json has 100 queries, 4 with 0 results.
[2026-09-15 22:43:28] --- Running Task 2 analysis ---
Task 2 completed. Generated: ./hw1.csv
Average Percent Overlap: 12.1
Average Spearman Coefficient: -2.5955
[2026-09-15 22:43:28] === Pipeline completed successfully. hw1.csv is ready. ===
